  main.cpp
C:\Users\mjaku\Documents\GitHub\memorydump\memorydump\memorydump\main.cpp(1,1): warning C4819: ファイルは、現在のコード ページ (932) で表示できない文字を含んでいます。データの損失を防ぐために、ファイルを Unicode 形式で保存してください。
C:\Users\mjaku\Documents\GitHub\memorydump\memorydump\memorydump\main.cpp(554,28): warning C4477: 'printf' : 書式文字列 '%d' には、型 'int' の引数が必要ですが、可変個引数 1 は型 'double' です
      C:\Users\mjaku\Documents\GitHub\memorydump\memorydump\memorydump\main.cpp(554,28):
      テンプレートインスタンス化コンテキスト (最初に最も古いもの) は
          C:\Users\mjaku\Documents\GitHub\memorydump\memorydump\memorydump\main.cpp(549,9):
          コンパイル対象の関数 テンプレート インスタンス化 'void std::visit<monitormemory::<lambda_2>,SearchValue&,void>(_Callable &&,SearchValue &)' のリファレンスを確認してください
          with
          [
              _Callable=monitormemory::<lambda_2>
          ]
          C:\Program Files\Microsoft Visual Studio\18\Community\VC\Tools\MSVC\14.50.35717\include\variant(1595,19):
          コンパイルされている変数テンプレート 'const bool _Variant_all_visit_results_same<void,`monitormemory'::`4'::<lambda_2>,std::_Meta_list<>,std::variant<int,float,double> &>' のリファレンスをご参照ください
          C:\Program Files\Microsoft Visual Studio\18\Community\VC\Tools\MSVC\14.50.35717\include\variant(1569,10):
          コンパイルされている変数テンプレート 'const bool _Variant_all_visit_results_same<void,`monitormemory'::`4'::<lambda_2>,std::_Meta_list<float &> >' のリファレンスをご参照ください
          C:\Program Files\Microsoft Visual Studio\18\Community\VC\Tools\MSVC\14.50.35717\include\variant(1564,29):
          コンパイル対象の関数 テンプレート インスタンス化 'unknown-type std::invoke(_Callable &&,_Ty1 &&,_Types2 ...) noexcept(<expr>)' のリファレンスを確認してください
          C:\Program Files\Microsoft Visual Studio\18\Community\VC\Tools\MSVC\14.50.35717\include\type_traits(1685,45):
          クラス テンプレート メンバー関数 'unknown-type std::_Invoker_functor::_Call(_Callable &&,_Types ...) noexcept(<expr>)' のコンパイル中
          C:\Program Files\Microsoft Visual Studio\18\Community\VC\Tools\MSVC\14.50.35717\include\type_traits(1584,46):
          コンパイル対象の関数 テンプレート インスタンス化 'auto monitormemory::<lambda_2>::operator ()<float&>(_T1) const' のリファレンスを確認してください
          with
          [
              _T1=float &
          ]
  
C:\Users\mjaku\Documents\GitHub\memorydump\memorydump\memorydump\main.cpp(554,28): warning C4477: 'printf' : 書式文字列 '%d' には、型 'int' の引数が必要ですが、可変個引数 1 は型 'monitormemory::<lambda_2>::()::T' です
      C:\Users\mjaku\Documents\GitHub\memorydump\memorydump\memorydump\main.cpp(554,28):
      テンプレートインスタンス化コンテキスト (最初に最も古いもの) は
          C:\Program Files\Microsoft Visual Studio\18\Community\VC\Tools\MSVC\14.50.35717\include\variant(1569,10):
          コンパイルされている変数テンプレート 'const bool _Variant_all_visit_results_same<void,`monitormemory'::`4'::<lambda_2>,std::_Meta_list<double &> >' のリファレンスをご参照ください
          C:\Program Files\Microsoft Visual Studio\18\Community\VC\Tools\MSVC\14.50.35717\include\variant(1564,29):
          コンパイル対象の関数 テンプレート インスタンス化 'unknown-type std::invoke(_Callable &&,_Ty1 &&,_Types2 ...) noexcept(<expr>)' のリファレンスを確認してください
          C:\Program Files\Microsoft Visual Studio\18\Community\VC\Tools\MSVC\14.50.35717\include\type_traits(1685,45):
          クラス テンプレート メンバー関数 'unknown-type std::_Invoker_functor::_Call(_Callable &&,_Types ...) noexcept(<expr>)' のコンパイル中
          C:\Program Files\Microsoft Visual Studio\18\Community\VC\Tools\MSVC\14.50.35717\include\type_traits(1584,46):
          コンパイル対象の関数 テンプレート インスタンス化 'auto monitormemory::<lambda_2>::operator ()<double&>(_T1) const' のリファレンスを確認してください
          with
          [
              _T1=double &
          ]
  
  memorydump.vcxproj -> C:\Users\mjaku\Documents\GitHub\memorydump\memorydump\x64\Debug\memorydump.exe
